// Jest Snapshot v1, https://goo.gl/fbAQLP

exports[`<SingleProduct /> renders with proper data 1`] = `
<div>
  <div
    class="SingleProduct__ProductStyles-sc-1q67if-0 eAHSXo"
    data-testid="singleProduct"
  >
    <div
      class="details"
    >
      <div>
        <img
          alt="dogs are best"
          src="dog.jpg"
        />
      </div>
      <div>
        <h2>
          dogs are best
        </h2>
        <p>
          dogs
        </p>
      </div>
    </div>
  </div>
</div>
`;
